[backblue.gif]
[fade.gif]
[index.html]
[u.jimdo.com/www49/o/s18cbac0d3fb4d7d7/layout/lfd1049b4455b755d/css/main6251.css]
[u.jimdo.com/www49/o/s18cbac0d3fb4d7d7/layout/lfd1049b4455b755d/css/layout6251.css]
[u.jimdo.com/www49/o/s18cbac0d3fb4d7d7/layout/lfd1049b4455b755d/css/font6251.css]
[s.jimdo.com/app/cdn/min/group/webcd23.css]
[s.jimdo.com/app/cdn/min/file/css/print/printcd23.css]
[u.jimdo.com/www49/o/s18cbac0d3fb4d7d7/emotion/crop/header6aba.png]
[u.jimdo.com/www49/o/s18cbac0d3fb4d7d7/img/i0269be00525de6fe/1330359106/std/image.jpg]
[u.jimdo.com/www49/o/s18cbac0d3fb4d7d7/img/i373ee080f33e8e4d/1330359874/std/image.png]
[u.jimdo.com/www49/o/s18cbac0d3fb4d7d7/img/i6edc900be5c12c69/1330360057/std/image.jpg]
[u.jimdo.com/www49/o/s18cbac0d3fb4d7d7/img/i6edc900be5c12c69/1330360057/thumb/image.jpg]
[s.jimdo.com/app/cdn/min/group/webc954.js]
[u.jimdo.com/www49/o/s18cbac0d3fb4d7d7/img/i60cc79ceafcd7dc6/1330360057/std/image.jpg]
[u.jimdo.com/www49/o/s18cbac0d3fb4d7d7/img/i60cc79ceafcd7dc6/1330360057/thumb/image.jpg]
[u.jimdo.com/www49/o/s18cbac0d3fb4d7d7/img/i014b8d62403d50eb/1330360057/std/image.jpg]
[u.jimdo.com/www49/o/s18cbac0d3fb4d7d7/img/i014b8d62403d50eb/1330360057/thumb/image.jpg]
[u.jimdo.com/www49/o/s18cbac0d3fb4d7d7/img/i0db5b9e103bf88d7/1330360290/std/image.jpg]
[s.jimdo.com/s/img/cc/printer.gif]
[maquette-site.jimdo.com/index.html]
[u.jimdo.com/www49/o/s18cbac0d3fb4d7d7/img/i98c9c1f2a312887e/1330358002/orig/image.png]
[u.jimdo.com/www49/o/s18cbac0d3fb4d7d7/layout/lfd1049b4455b755d/css/main6251.css]
[u.jimdo.com/www49/o/layout/lfd1049b4455b755d/img/header_overlay_top.gif]
[u.jimdo.com/www49/o/layout/lfd1049b4455b755d/img/header_overlay_bottom.gif]
[u.jimdo.com/www49/o/layout/lfd1049b4455b755d/img/header_overlay_left.gif]
[u.jimdo.com/www49/o/layout/lfd1049b4455b755d/img/header_overlay_right.gif]
[u.jimdo.com/www49/o/layout/lfd1049b4455b755d/img/sidebar_bg_top.gif]
[u.jimdo.com/www49/o/layout/lfd1049b4455b755d/img/sidebar_bg_bottom.gif]
[u.jimdo.com/www49/o/layout/lfd1049b4455b755d/img/sidebar_bg.gif]
[u.jimdo.com/www49/o/layout/lfd1049b4455b755d/img/mainNav_level1.png]
[u.jimdo.com/www49/o/layout/lfd1049b4455b755d/img/mainNav_level2.png]
[u.jimdo.com/www49/o/layout/lfd1049b4455b755d/img/mainNav_level3.png]
[u.jimdo.com/www49/o/s18cbac0d3fb4d7d7/layout/lfd1049b4455b755d/css/layout6251.css]
[u.jimdo.com/www49/o/s18cbac0d3fb4d7d7/layout/lfd1049b4455b755d/css/font6251.css]
[s.jimdo.com/s/img/cc/warning.gif]
[s.jimdo.com/s/img/cms/loading/16x16.gif]
[s.jimdo.com/s/img/cc/ok.gif]
[s.jimdo.com/s/img/cc/info.gif]
[s.jimdo.com/s/img/cc/alert.gif]
[s.jimdo.com/s/img/captcha_bg.jpg]
[s.jimdo.com/s/img/captcha_refresh.jpg]
[s.jimdo.com/s/img/captcha_refresh_h.jpg]
[s.jimdo.com/s/img/captcha_pfeil.gif]
[s.jimdo.com/s/img/cc/sendpage.gif]
[s.jimdo.com/s/img/cc/sitemapdocbullet.gif]
[s.jimdo.com/s/img/cc/icons/close.gif]
[s.jimdo.com/s/img/loginhint/key.jpg]
[s.jimdo.com/s/img/loginhint/arrow.png]
[s.jimdo.com/s/img/loginhint/arrow.gif]
[s.jimdo.com/s/img/loginhint/dialog_close.gif]
[s.jimdo.com/s/img/plus.gif]
[s.jimdo.com/s/img/shadow-top.png]
[s.jimdo.com/s/img/shadow-bottom.png]
[s.jimdo.com/s/img/shadow-top-ie.gif]
[s.jimdo.com/s/img/shadow-bottom-ie.gif]
[s.jimdo.com/s/img/closepopup.gif]
[s.jimdo.com/s/img/cc/comment.gif]
[s.jimdo.com/s/img/cc/datesticker-bg.png]
[s.jimdo.com/s/img/cc/jimdobg.gif]
[s.jimdo.com/s/img/cc/twitter/balloon-twitter.png]
[s.jimdo.com/s/img/cc/twitter/balloon-twitter-ie6.gif]
[s.jimdo.com/s/img/cms/module/download/bg-download-preview.png]
[s.jimdo.com/s/img/cms/module/download/icon-download.png]
[s.jimdo.com/s/img/cms/module/download/icon-download-ie6.gif]
[s.jimdo.com/s/img/cms/icons/googlemaps/route-arrrow.gif]
[s.jimdo.com/s/img/web/shop/cart-bg.png]
[s.jimdo.com/s/img/web/shop/instock-slice.png]
[s.jimdo.com/s/img/web/shop/instock-slice-ie6.gif]
[s.jimdo.com/s/img/web/shop/active.gif]
[s.jimdo.com/s/img/web/shop/bg-catalog-listview.gif]
[s.jimdo.com/s/img/web/module/sharebuttons/icons64.png]
[s.jimdo.com/s/img/web/module/sharebuttons/icons64sw.png]
[s.jimdo.com/s/img/web/module/sharebuttons/icons32.png]
[s.jimdo.com/s/img/web/module/sharebuttons/icons32sw.png]
[s.jimdo.com/s/img/web/module/sharebuttons/icons16.png]
[s.jimdo.com/s/img/web/module/sharebuttons/icons16sw.png]
[s.jimdo.com/s/img/web/module/sharebuttons/icons64-ie6.gif]
[s.jimdo.com/s/img/web/module/sharebuttons/icons64sw-ie6.gif]
[s.jimdo.com/s/img/web/module/sharebuttons/icons32-ie6.gif]
[s.jimdo.com/s/img/web/module/sharebuttons/icons32sw-ie6.gif]
[s.jimdo.com/s/img/web/module/sharebuttons/icons16-ie6.gif]
[s.jimdo.com/s/img/web/module/sharebuttons/icons16sw-ie6.gif]
[s.jimdo.com/s/img/cc/left.gif]
[s.jimdo.com/s/img/cc/right.gif]
[s.jimdo.com/s/js/plugins/tinyLightbox/img/loading.gif]
[s.jimdo.com/s/js/plugins/tinyLightbox/img/close.gif]
[s.jimdo.com/s/js/plugins/tinyLightbox/img/play-pause.gif]
[s.jimdo.com/s/js/plugins/tinyLightbox/img/prev.png]
[s.jimdo.com/s/js/plugins/tinyLightbox/img/next.png]
[s.jimdo.com/s/img/ok.gif]
[s.jimdo.com/s/img/alert.gif]
[s.jimdo.com/s/img/warning.gif]
[s.jimdo.com/s/js/plugins/popup/img/popup-bg.png]
[s.jimdo.com/s/img/cms/siteadmin/buttons-slice.png]
[s.jimdo.com/s/js/external/plugins/jqzoom/images/zoomloader.gif]
[s.jimdo.com/s/img/web/shop/quantity-control.gif]
[s.jimdo.com/app/cdn/min/group/webcd23.css]
[s.jimdo.com/s/img/cms/module/shop/infinite.gif]
[s.jimdo.com/app/cdn/min/group/webonlycd23.css]
[s.jimdo.com/app/cdn/min/file/css/print/printcd23.css]
[maquette-site.jimdo.com/actualites/index.html]
[s.jimdo.com/s/img/cc/icons/xls.png]
[maquette-site.jimdo.com/jeux-de-societes/index.html]
[u.jimdo.com/www49/o/s18cbac0d3fb4d7d7/img/idb900dd92d41086c/1330361278/std/image.png]
[maquette-site.jimdo.com/animations/index.html]
[u.jimdo.com/www49/o/s18cbac0d3fb4d7d7/img/ic99d5b60c8ed3271/1330361302/std/image.png]
[maquette-site.jimdo.com/livres/index.html]
[maquette-site.jimdo.com/a-vendre/index.html]
[maquette-site.jimdo.com/app/common/captcha/index/captchaId/e8f800ecf42d20cfb5b3d48d88a450c38f2eff0c.gif]
[maquette-site.jimdo.com/contact/index.html]
[u.jimdo.com/www49/o/s18cbac0d3fb4d7d7/img/i545e4a5a2efbd81b/1334002847/std/image.jpg]
[maquette-site.jimdo.com/liens/index.html]
[u.jimdo.com/www49/o/s18cbac0d3fb4d7d7/layout/lfd1049b4455b755d/css/font0c4c.css]
[maquette-site.jimdo.com/about/index.html]
[maquette-site.jimdo.com/sitemap/index.html]
[maquette-site.jimdo.com/jeux-de-societes/tous-les-jeux/index.html]
[maquette-site.jimdo.com/jeux-de-societes/jeux-pour-enfants/index.html]
[maquette-site.jimdo.com/jeux-de-societes/jeux-classiques/index.html]
[maquette-site.jimdo.com/jeux-de-societes/jeux-en-solo/index.html]
[maquette-site.jimdo.com/jeux-de-societes/jeux-à-2/index.html]
[maquette-site.jimdo.com/jeux-de-societes/jeux-tv-cinéma/index.html]
[maquette-site.jimdo.com/jeux-de-societes/jeux-en-coopération/index.html]
[maquette-site.jimdo.com/jeux-de-societes/jeux-de-connaissances/index.html]
[maquette-site.jimdo.com/jeux-de-societes/jeux-apéro/index.html]
[maquette-site.jimdo.com/jeux-de-societes/jeux-d-ambiance/index.html]
[maquette-site.jimdo.com/jeux-de-societes/jeux-de-dés/index.html]
[u.jimdo.com/www49/o/s18cbac0d3fb4d7d7/layout/lfd1049b4455b755d/css/font0c4c.css]
[u.jimdo.com/www49/o/s18cbac0d3fb4d7d7/img/i8be4f875d8d57a6f/1330361172/std/image.jpg]
